==================================================
CropRadar û Outbreak Broadcast Integration Tests
==================================================

[1] Schema creation
python : Traceback 
(most recent call 
last):
At line:1 char:1
+ python test_outbreak_
broadcast.py > 
test_output.txt 2>&1; 
type test_o ...
+ ~~~~~~~~~~~~~~~~~~~~~
~~~~~~~~~~~~~~~~~~~~~~~
~~~~~~~~~~~~
    + CategoryInfo     
         : NotSpecifi  
  ed: (Traceback (mo   
 st recent call las    
t)::String) [], Re    
moteException
    + FullyQualifiedEr 
   rorId : NativeComm  
  andError
 
  File "C:\Users\thush\
OneDrive\Desktop\cropra
dar\CropRadar-01\test_o
utbreak_broadcast.py", 
line 150, in <module>
    
test_schema_creation()
  File "C:\Users\thush\
OneDrive\Desktop\cropra
dar\CropRadar-01\test_o
utbreak_broadcast.py", 
line 46, in 
test_schema_creation
    
ok("disease_reports 
table exists", 
"disease_reports" in 
tables)
  File "C:\Users\thush\
OneDrive\Desktop\cropra
dar\CropRadar-01\test_o
utbreak_broadcast.py", 
line 29, in ok
    print(f"  
{status}: {label}" + 
(f"  ({detail})" if 
detail else ""))
  File "C:\Program File
s\WindowsApps\PythonSof
twareFoundation.Python.
3.11_3.11.2544.0_x64__q
bz5n2kfra8p0\Lib\encodi
ngs\cp1252.py", line 
19, in encode
    return codecs.charm
ap_encode(input,self.er
rors,encoding_table)[0]
           ^^^^^^^^^^^^
^^^^^^^^^^^^^^^^^^^^^^^
^^^^^^^^^^^^^^^^^^^^
UnicodeEncodeError: 
'charmap' codec can't 
encode character 
'\u2705' in position 
2: character maps to 
<undefined>
